{
  "object_id": "test_result_object_id",
  "submitter_action_status": "existed"
}
