{
  "info": " Deleting object file_type=filetype_results_PCATable. * Remote object not found when deleting test_result_object_id.   Deleted agent objects, count=(1), Acknowledged=(True).",
  "status": "deleted",
  "stderr": "xxx"
}
