{
  "object_id": "test_result_object_id",
  "url": "xxx"
}
