{
  "info": " Deleting object file_type=filetype_dataset_expression.   Deleted agent objects, count=(1), Acknowledged=(True).",
  "status": "deleted",
  "stderr": "xxx"
}
