{
  "detail": "! Message=[] Error while deleting (test_object_id), status=[] stderr=[]"
}
