{
  "info": "   Deleted agent objects, count=(1), Acknowledged=(True).",
  "status": "deleted",
  "stderr": "xxx"
}
