[
  {
    "object_id": "test_dataset_object_id"
  }
]
