{
  "object_id": "test_object_id",
  "submitter_status": "new"
}
