{
  "submitter_id": "test-xxx@email.com",
  "submitter_status": "existed"
}
