[
  {
    "submitter_id": "test-xxx@email.com"
  }
]
