{
  "submitter_id": "test@email.com",
  "submitter_status": "new"
}
