{
  "created_time": "xxx",
  "object_id": "agent_test-xxx@email.com",
  "status": "approved",
  "submitter_id": "test-xxx@email.com"
}
