[
  {
    "URL": "http://localhost:8083",
    "title": "Custom data"
  }
]
