[
  {
    "URL": "http://fuse-tool-pca:8000",
    "id": "fuse-tool-pca",
    "title": "Principal Components Analyzer"
  }
]
